MPASM  5.11                          MAIN.ASM   10-3-2007  0:40:06         PAGE  1


LOC  OBJECT CODE     LINE SOURCE TEXT
  VALUE

                      00001 ; $Id: main.asm,v 1.2 2007/01/25 16:21:27 tgipson Exp $
                      00002 ;
                      00003 ; 10F 1-Wire Receiver + Indicator
                      00004 
                      00005 ; Config bits: WDT ON, MCLR as GP3, CodeProtect OFF.
                      00006 
                      00007 ; c08
                      00008 
                      00009 ; WARNING: There is no 'BZ' (Branch if Zero) instruction on PIC10! The assembler fakes it using 'BTFSS S
                            TATUS,Z', which
                      00010 ; will NOT work as intended unless immediately followed by an unconditional branch.
                      00011 
                      00012 ; ----------------------
                      00013 
                      00014 #define         MYADDR          0x19            ; Personalized address to be stored in THIS chip. Each c
                            hip on the bus
                      00015                                                                         ; must have a unique address to 
                            be controlled independently...
                      00016 
                      00017 #define         COMM_ANODE      0x01            ; If indicator is common-anode, polarity of output drive
                             and idle are inverted
                      00018 
                      00019 ; ----------------------
                      00020 
                      00021 
                      00022 
                      00023         list    p=10f200
                      00024         #include "p10f200.inc"
                      00001         LIST
                      00002 ; P10F200.INC  Standard Header File, Version 1.02    Microchip Technology, Inc.
                      00125         LIST
                      00025 
                      00026 
0000                  00027         org 0x00                        ; effective reset vector
                      00028 ;       movwf   OSCCAL          ; set factory oscillator calibration value from last program memory byte
                             (set as MOVLW H'xx' from factory)
0000                  00029 start:
0000   0004           00030         clrwdt
0001   0CC8           00031         movlw   B'11001000'     ; wakeup-on-change DISabled, pullups DISabled, timer0 clk internal, sour
                            ce edge low-to-high (don't care), prescaler assigned to WDT, /1
                      00032 ;       movlw   B'11001111'     ; wakeup-on-change DISabled, pullups DISabled, timer0 clk internal, sour
                            ce edge low-to-high (don't care), prescaler assigned to WDT, /128
0002   0002           00033         OPTION
                      00034 
0003   0C00           00035         movlw   B'00000000'
0004   0006           00036         TRIS    GPIO
0005   0066           00037         clrf    GPIO
                      00038 
0006   0526           00039         bsf             GPIO, GREEN             ; Check for reset...
0007   0546           00040         bsf             GPIO, BLUE
0008   0406           00041         bcf             GPIO, RED
                      00042 
0009   0072           00043         clrf    PWM_R
MPASM  5.11                          MAIN.ASM   10-3-2007  0:40:06         PAGE  2


LOC  OBJECT CODE     LINE SOURCE TEXT
  VALUE

000A   0073           00044         clrf    PWM_G
000B   0074           00045         clrf    PWM_B
                      00046 
000C   0075           00047         clrf    GROUPADDR
                      00048 
000D   0CFE           00049         movlw   B'11111110'             ; debug - see if light lights / program running
000E   0032           00050         movwf   PWM_R                   ;
000F   0CFE           00051         movlw   B'11111110'
0010   0033           00052         movwf   PWM_G                   ;
0011   0CFE           00053         movlw   B'11111110'
0012   0034           00054         movwf   PWM_B                   ;
                      00055 
                      00056 
0013                  00057 reset_sync:                                     ; Sync with extended STOP condition
0013   0666           00058         btfsc   GPIO, SDI               ; SDI low?
0014   0A13           00059         goto    reset_sync              ; if no
                      00060 
0015   0004           00061         clrwdt
0016   0061           00062         clrf    TMR0                    ; begin timing stop condition
0017                  00063 reset_sync_wait1:
0017   0666           00064         btfsc   GPIO, SDI               ; line still low?
0018   0A13           00065         goto    reset_sync              ; if no
0019   06E1           00066         btfsc   TMR0, 7                 ; timer rollxxxer?
001A   0A17           00067         goto    reset_sync_wait1; if no
                      00068 
001B   0061           00069         clrf    TMR0                    ; reset timer
001C                  00070 reset_sync_wait2:
001C   0666           00071         btfsc   GPIO, SDI               ; line still low?
001D   0A13           00072         goto    reset_sync              ; if no
001E   06E1           00073         btfsc   TMR0, 7                 ; timer rollxxxer?
001F   0A1C           00074         goto    reset_sync_wait2; if no
                      00075                                                         ; else - fall through and begin running...
                      00076 
0020                  00077 main:
0020   0004           00078         clrwdt
0021   0985           00079         call    pwm                             ; 25 clocks, including call. 11 inc. call if separated..
                            .
0022   0766           00080         btfss   GPIO, SDI               ; start bit?
0023   0A20           00081         goto    main
0024   0A25           00082         goto    getcmd                  ; fake 'call' - shallow stack
                      00083 
                      00084 
                      00085 
                      00086 
                      00087 
                      00088 ; ---------------------------------------------------
                      00089 ; Check for incoming cmd byte on SDI. If cmd (start condition), receive the cmd packet to CMDBUF.
                      00090 ; ASSUMPTION: Start condition is long enough that the longest possible complete loop will still get us b
                            ack here in time to catch it.
                      00091 
0025                  00092 getcmd:
0025   0C16           00093         movlw   CMDBUF                  ; init buffer ptr
0026   0024           00094         movwf   FSR                             ;
MPASM  5.11                          MAIN.ASM   10-3-2007  0:40:06         PAGE  3


LOC  OBJECT CODE     LINE SOURCE TEXT
  VALUE

                      00095 
0027                  00096 getstartbit:
0027   0666           00097         btfsc   GPIO, SDI               ; spinlock until start condition released
0028   0A27           00098         goto    getstartbit             ; ...
                      00099 
                      00100 ;       clrwdt
                      00101 
0029   0960           00102         call    getbyte                 ; addr
002A   0260           00103         comf    INDF,f  ;hack: bits inverted?
002B   02A4           00104         incf    FSR,f
002C   0960           00105         call    getbyte                 ; cmd
002D   0260           00106         comf    INDF,f  ;hack: bits inverted?
                      00107 
                      00108 
                      00109         ; check address
002E   0C16           00110         movlw   CMDBUF                  ; point to 1st byte of CMDBUF (addr)
002F   0024           00111         movwf   FSR                             ; ...
                      00112 
0030   0C00           00113         movlw   H'00'                   ; General Call addr? (everybody! everybody!)
0031   0180           00114         xorwf   INDF, w                 ;
0032   0643           00115         btfsc   STATUS, Z
0033   0A3D           00116         goto    processcmd
                      00117 ;       bz              processcmd
                      00118 
                      00119 
0034   0C19           00120         movlw   MYADDR                  ; This chip's addr?
0035   0180           00121         xorwf   INDF, W                 ;
0036   0643           00122         btfsc   STATUS, Z
0037   0A3D           00123         goto    processcmd
                      00124 ;       bz              processcmd
                      00125 
0038   0215           00126         movf    GROUPADDR, w    ; This chip's Group addr?
0039   0180           00127         xorwf   INDF, W                 ;
003A   0643           00128         btfsc   STATUS, Z
003B   0A3D           00129         goto    processcmd
                      00130 ;       bz              processcmd
                      00131 
                      00132 
003C   0A20           00133         goto    main                    ; else - not for us...
                      00134 
003D                  00135 processcmd:
                      00136 
                      00137 ;       movlw   H'FF'           ; debug
                      00138 ;       movwf   PWM_B           ; - check for getting here
                      00139 
003D   0C17           00140         movlw   CMDBUF+1                ; point to 2nd byte of CMDBUF (cmd)
003E   0024           00141         movwf   FSR                             ; ...
                      00142 
003F   0680           00143         btfsc   INDF, 4                 ; Extended Command bit
0040   0A48           00144         goto    extcmd
                      00145 
0041   06E0           00146         btfsc   INDF, 7                 ; R cmd
0042   0954           00147         call    processcmd_r
MPASM  5.11                          MAIN.ASM   10-3-2007  0:40:06         PAGE  4


LOC  OBJECT CODE     LINE SOURCE TEXT
  VALUE

0043   06C0           00148         btfsc   INDF, 6                 ; G cmd
0044   0958           00149         call    processcmd_g
0045   06A0           00150         btfsc   INDF, 5                 ; B cmd
0046   095C           00151         call    processcmd_b
0047   0A20           00152         goto    main                    ; done
                      00153 
                      00154 
0048                  00155 extcmd:                                         ; Extended commands are handled here
                      00156 ;       movlw   b'11111110'             ; debug
                      00157 ;       movwf   PWM_R                   ; debug
                      00158 
0048   0200           00159         movf    INDF, w                 ; Decode cmd to SCRATCH0
0049   0EE0           00160         andlw   B'11100000'             ; ...
004A   0030           00161         movwf   SCRATCH0                ;
                      00162 
004B   0C00           00163         movlw   H'00'
004C   0190           00164         xorwf   SCRATCH0, w
004D   0643           00165         btfsc   STATUS, Z
004E   0A50           00166         goto    setgroup
                      00167 ;       movlw   b'11111110'             ; debug
                      00168 ;       movwf   PWM_G                   ; debug
                      00169         ; ... other extended commands here ...
                      00170 
004F   0A20           00171         goto    main
                      00172 
                      00173 
                      00174 
0050                  00175 setgroup:
0050   0200           00176         movf    INDF, w
0051   0E0F           00177         andlw   B'00001111'
0052   0035           00178         movwf   GROUPADDR               ; store low nibble of extended cmd as group address
                      00179 ;       movlw   b'11111110'             ; debug
                      00180 ;       movwf   PWM_B                   ; debug
0053   0A20           00181         goto    main
                      00182 
                      00183 ; ---------------------------------------------------
                      00184 ; Process command byte in buffer for the given color
                      00185 
                      00186 ;processcmd_r:
                      00187 ;       call    setpwm
                      00188 ;       movf    SCRATCH0, w
                      00189 ;       movwf   PWM_R
                      00190 ;       retlw   0
                      00191 ;
                      00192 ;processcmd_g:
                      00193 ;       call    setpwm
                      00194 ;       movf    SCRATCH0, w
                      00195 ;       movwf   PWM_G
                      00196 ;       retlw   0
                      00197 ;
                      00198 ;processcmd_b:
                      00199 ;       call    setpwm
                      00200 ;       movf    SCRATCH0, w
MPASM  5.11                          MAIN.ASM   10-3-2007  0:40:06         PAGE  5


LOC  OBJECT CODE     LINE SOURCE TEXT
  VALUE

                      00201 ;       movwf   PWM_B
                      00202 ;       retlw   0
                      00203 
                      00204 ; New: 'setpwm' returns the value in WREG directly.
0054                  00205 processcmd_r:
0054   0971           00206         call    setpwm
                      00207         #if (COMM_ANODE == 1)           ; Switched in for common-anode drive
0055   0FFF           00208         xorlw   B'11111111'                     ; complement WREG directly (comm. anode: line LOW means 
                            LED is lit)
                      00209         #endif
0056   0032           00210         movwf   PWM_R
0057   0800           00211         retlw   0
0058                  00212 processcmd_g:
0058   0971           00213         call    setpwm
                      00214         #if (COMM_ANODE == 1)           ; Switched in for common-anode drive
0059   0FFF           00215         xorlw   B'11111111'                     ; complement WREG directly (comm. anode: line LOW means 
                            LED is lit)
                      00216         #endif
005A   0033           00217         movwf   PWM_G
005B   0800           00218         retlw   0
005C                  00219 processcmd_b:
005C   0971           00220         call    setpwm
                      00221         #if (COMM_ANODE == 1)           ; Switched in for common-anode drive
005D   0FFF           00222         xorlw   B'11111111'                     ; complement WREG directly (comm. anode: line LOW means 
                            LED is lit)
                      00223         #endif
005E   0034           00224         movwf   PWM_B
005F   0800           00225         retlw   0
                      00226 ; -------------------------------
                      00227 
                      00228 
0060                  00229 getbyte:
0060   0C08           00230         movlw   H'08'                   ; rotate this many times
0061   0031           00231         movwf   COUNT                   ;
                      00232 
                      00233 
0062                  00234 getbit_waiting:
0062   0985           00235         call    pwm                             ; ONCE, in dead time. 25 clocks, including call; +10 aft
                            er bit received
0063                  00236 getbit_donewaiting:
0063   0766           00237         btfss   GPIO, SDI                       ; wait for SDI to go high - has it?
0064   0A63           00238         goto    getbit_donewaiting      ; if no
                      00239 
0065   0061           00240         clrf    TMR0                    ; if yes
                      00241 
0066                  00242 getbit_ready:
0066   0666           00243         btfsc   GPIO, SDI               ; now waiting for bit to go low again - has it?
0067   0A66           00244         goto    getbit_ready    ; if no
                      00245 
0068   0201           00246         movf    TMR0, w                 ; get timer's value
0069   0030           00247         movwf   SCRATCH0                ; .. to scratch reg (ghetto chip doesn't allow operation on WREG
                            ..?)
006A   0370           00248         rlf             SCRATCH0,f              ; rotate MSB of TMR0 into 'C'arry (don't care about othe
MPASM  5.11                          MAIN.ASM   10-3-2007  0:40:06         PAGE  6


LOC  OBJECT CODE     LINE SOURCE TEXT
  VALUE

                            r bits)
006B   0370           00249         rlf             SCRATCH0,f              ; .. however many times for desired timer resolution
006C   0370           00250         rlf             SCRATCH0,f              ; hbit=40h qbit=20h
                      00251 ;       rlf             SCRATCH0,f              ; hbit=20h qbit=10h
006D   0360           00252         rlf             INDF,f                  ; shift bit in 'C'arry into currently-addressed buffer p
                            osition
006E   02F1           00253         decfsz  COUNT,f                 ; got all bits?
006F   0A62           00254         goto    getbit_waiting  ; if no - wait for next
0070   0800           00255         retlw   0                               ; else - done
                      00256 
                      00257 
                      00258 ; ---------------------------------------------------
                      00259 ; Given low 4 bits of cmd in INDF, shift that many '1's into SCRATCH0
                      00260 
                      00261 ;setpwm:
                      00262 ;       clrf    SCRATCH0                ; clear temporary reg
                      00263 ;       movf    INDF, w                 ; cmd value
                      00264 ;       andlw   B'00001111'             ; mask off bogus bits
                      00265 ;       movwf   COUNT                   ;
                      00266 ;       iorlw   B'00000000'             ; dummy op to affect 'Z'ero status. Intensity = 0?
                      00267 ;       btfsc   STATUS, Z
                      00268 ;       goto    setpwm_done             ; if yes - leave register clear
                      00269 ;;                                                      ; else...
                      00270 ;
                      00271 ;setpwm1:
                      00272 ;       bsf             STATUS, C
                      00273 ;       rlf             SCRATCH0,f
                      00274 ;       decfsz  COUNT,f                 ; done shifting in 1s?
                      00275 ;       goto    setpwm1                 ; if no
                      00276 ;setpwm_done:
                      00277 ;
                      00278 ;       if COMM_ANODE==1
                      00279 ;       comf    SCRATCH0, f             ; HACK: common-anode LED
                      00280 ;       endif
                      00281 ;
                      00282 ;       retlw   0
                      00283 ;
                      00284 ; New version - use table lookup instead. Want to return a value containing the number of '1's specified
                             in the intensity
                      00285 ; value. But want to spread them out for faster switching and less perceivable flicker.
0071                  00286 setpwm:
0071   0200           00287         movf    INDF, w         ; cmd value
0072   0E0F           00288         andlw   B'00001111'     ; mask off bogus bits
0073   01E2           00289         addwf   PCL, f
0074   0800           00290         retlw   B'00000000' ; 0x00
0075   0801           00291         retlw   B'00000001' ; 0x01
0076   0811           00292         retlw   B'00010001' ; 0x02
0077   0849           00293         retlw   B'01001001' ; 0x03
0078   0855           00294         retlw   B'01010101' ; 0x04
0079   0857           00295         retlw   B'01010111' ; 0x05
007A   0877           00296         retlw   B'01110111' ; 0x06
007B   087F           00297         retlw   B'01111111' ; 0x07
007C   08FF           00298         retlw   B'11111111' ; 0x08      ; last valid value
MPASM  5.11                          MAIN.ASM   10-3-2007  0:40:06         PAGE  7


LOC  OBJECT CODE     LINE SOURCE TEXT
  VALUE

007D   08FF           00299         retlw   B'11111111' ; 0x09      ; Should not be sent any values this high; we can't represent th
                            em in the PWM registers anyway
007E   08FF           00300         retlw   B'11111111' ; 0x0A
007F   08FF           00301         retlw   B'11111111' ; 0x0B
0080   08FF           00302         retlw   B'11111111' ; 0x0C
0081   08FF           00303         retlw   B'11111111' ; 0x0D
0082   08FF           00304         retlw   B'11111111' ; 0x0E
0083   08FF           00305         retlw   B'11111111' ; 0x0F
                      00306 
0084   0800           00307         retlw   0x00            ; pure paranoia
                      00308 
                      00309 ; ---------------------------------------------------
                      00310 ; Perform one iteration/rotation of "poor man's PWM" for each color's register
                      00311 
                      00312 
0085                  00313 pwm:
                      00314                                                 ; ---------------
                      00315         if COMM_ANODE==0        ; Switched in for common-cathode drive
                      00316         rlf             PWM_R,f         ; FIXME: Separate r/g/b PWM loops, see below
                      00317         bcf             PWM_R, 0
                      00318         btfsc   STATUS, C
                      00319         bsf             PWM_R, 0
                      00320 
                      00321         bcf             GPIO, RED
                      00322         btfsc   STATUS, C
                      00323         bsf             GPIO, RED
                      00324 
                      00325         rlf             PWM_G,f
                      00326         bcf             PWM_G, 0
                      00327         btfsc   STATUS, C
                      00328         bsf             PWM_G, 0
                      00329 
                      00330         bcf             GPIO, GREEN
                      00331         btfsc   STATUS, C
                      00332         bsf             GPIO, GREEN
                      00333 
                      00334         rlf             PWM_B,f
                      00335         bcf             PWM_B, 0
                      00336         btfsc   STATUS, C
                      00337         bsf             PWM_B, 0
                      00338 
                      00339         bcf             GPIO, BLUE
                      00340         btfsc   STATUS, C
                      00341         bsf             GPIO, BLUE
                      00342         endif
                      00343                                                         ; ---------------------
                      00344         if COMM_ANODE == 1              ; Switched in for common-anode drive
0085                  00345 pwm_r:
0085   0372           00346         rlf             PWM_R,f
0086   0412           00347         bcf             PWM_R, 0
0087   0603           00348         btfsc   STATUS, C
0088   0512           00349         bsf             PWM_R, 0
                      00350 
MPASM  5.11                          MAIN.ASM   10-3-2007  0:40:06         PAGE  8


LOC  OBJECT CODE     LINE SOURCE TEXT
  VALUE

0089   0506           00351         bsf             GPIO, RED
008A   0703           00352         btfss   STATUS, C
008B   0406           00353         bcf             GPIO, RED
                      00354 ;       retlw   0
008C                  00355 pwm_g:
008C   0373           00356         rlf             PWM_G,f
008D   0413           00357         bcf             PWM_G, 0
008E   0603           00358         btfsc   STATUS, C
008F   0513           00359         bsf             PWM_G, 0
                      00360 
0090   0526           00361         bsf             GPIO, GREEN
0091   0703           00362         btfss   STATUS, C
0092   0426           00363         bcf             GPIO, GREEN
                      00364 ;       retlw   0
0093                  00365 pwm_b:
0093   0374           00366         rlf             PWM_B,f
0094   0414           00367         bcf             PWM_B, 0
0095   0603           00368         btfsc   STATUS, C
0096   0514           00369         bsf             PWM_B, 0
                      00370 
0097   0546           00371         bsf             GPIO, BLUE
0098   0703           00372         btfss   STATUS, C
0099   0446           00373         bcf             GPIO, BLUE
                      00374         endif
                      00375 
009A   0800           00376         retlw   0
                      00377 
                      00378 ; -------------------
                      00379 
                      00380 
                      00381 ; Command packet format: <start> <addr[7..0]><cmd[7..0]>
                      00382 ; Start bit is HIGH and lasts for longer than the longest possible loop run, so that all devices are gua
                            ranteed to catch it.
                      00383 ; Subsequent bits are HIGH for either <128 timer clocks (logic 0) or >128 clocks (logic 1) ... can shift
                             timer0 MSB as detected bit
                      00384 ; ... assuming clocks aren't *insanely* skewed from one device to the next.
                      00385 
                      00386 
                      00387 ; Cmd BYTE format: RGBCIIII
                      00388 ; RGB: Which color(s) cmd applies to
                      00389 ; IIII: Set intensity (0 ~ 8)
                      00390 ; C: Indicates Extended Command as described below...
                      00391 
                      00392 ; --- Extended Commands ---
                      00393 ; 0001xxxx : Set Group Addr to value in xxxx
                      00394 
                      00395 #include "vars.inc"
                      00001 ; Vars
                      00002 
                      00003 
                      00004         cblock  0x10
                      00005 
  00000010            00006         SCRATCH0        ; general purpose scratch register
MPASM  5.11                          MAIN.ASM   10-3-2007  0:40:06         PAGE  9


LOC  OBJECT CODE     LINE SOURCE TEXT
  VALUE

  00000011            00007         COUNT           ; bits-in-byte countdown
                      00008 
  00000012            00009         PWM_R           ; poor-man's PWM registers: '1' bits will be rotated around in them
  00000013            00010         PWM_G           ;
  00000014            00011         PWM_B           ;
                      00012 
  00000015            00013         GROUPADDR       ; Storage byte for Group Address
                      00014 
  00000016            00015         CMDBUF          ; buffer start - must be at end of vars
  00000017            00016         CMDBUF2         ; 2nd byte of cmd
                      00017         endc
                      00396 #include "defs.inc"
                      00001 
                      00002 
  00000003            00003 SDI             equ     3               ; FIXME: All bit defs
                      00004 
  00000000            00005 RED             equ     0
  00000001            00006 GREEN   equ     1
  00000002            00007 BLUE    equ     2
                      00397 
                      00398 ; NOTES: This eats almost 1/4 of the code space; remove or shorten if things get tight.
                      00399 ; 'DT' stores in a (1 byte -> 1 word) readable format; probably decodes as RETLW xx
009B                  00400 str_version:
009B   0824 0849 0864 00401         DT      "$Id: main.asm,v 1.2 2007/01/25 16:21:27 tgipson Exp $"
       083A 0820 086D 
       0861 0869 086E 
       082E 0861 0873 
       086D 082C 0876 
       0820 0831 082E 
       0832 0820 0832 
       0830 0830 0837 
       082F 0830 0831 
       082F 0832 0835 
       0820 0831 0836 
       083A 0832 0831 
       083A 0832 0837 
       0820 0874 0867 
       0869 0870 0873 
       086F 086E 0820 
       0845 087
                      00402 
                      00403         end
MPASM  5.11                          MAIN.ASM   10-3-2007  0:40:06         PAGE 10


SYMBOL TABLE
  LABEL                             VALUE 

BLUE                              00000002
C                                 00000000
CAL0                              00000001
CAL1                              00000002
CAL2                              00000003
CAL3                              00000004
CAL4                              00000005
CAL5                              00000006
CAL6                              00000007
CMDBUF                            00000016
CMDBUF2                           00000017
COMM_ANODE                        0x01
COUNT                             00000011
DC                                00000001
F                                 00000001
FOSC4                             00000000
FSR                               00000004
GP0                               00000000
GP1                               00000001
GP2                               00000002
GP3                               00000003
GPIO                              00000006
GPWUF                             00000007
GREEN                             00000001
GROUPADDR                         00000015
INDF                              00000000
MYADDR                            0x19
NOT_GPPU                          00000006
NOT_GPWU                          00000007
NOT_PD                            00000003
NOT_TO                            00000004
OSCCAL                            00000005
PCL                               00000002
PS0                               00000000
PS1                               00000001
PS2                               00000002
PSA                               00000003
PWM_B                             00000014
PWM_G                             00000013
PWM_R                             00000012
RED                               00000000
SCRATCH0                          00000010
SDI                               00000003
STATUS                            00000003
T0CS                              00000005
T0SE                              00000004
TMR0                              00000001
W                                 00000000
Z                                 00000002
_CP_OFF                           00000FFF
_CP_ON                            00000FF7
_IntRC_OSC                        00000FFF
_MCLRE_OFF                        00000FEF
MPASM  5.11                          MAIN.ASM   10-3-2007  0:40:06         PAGE 11


SYMBOL TABLE
  LABEL                             VALUE 

_MCLRE_ON                         00000FFF
_WDT_OFF                          00000FFB
_WDT_ON                           00000FFF
__10F200                          00000001
extcmd                            00000048
getbit_donewaiting                00000063
getbit_ready                      00000066
getbit_waiting                    00000062
getbyte                           00000060
getcmd                            00000025
getstartbit                       00000027
main                              00000020
processcmd                        0000003D
processcmd_b                      0000005C
processcmd_g                      00000058
processcmd_r                      00000054
pwm                               00000085
pwm_b                             00000093
pwm_g                             0000008C
pwm_r                             00000085
reset_sync                        00000013
reset_sync_wait1                  00000017
reset_sync_wait2                  0000001C
setgroup                          00000050
setpwm                            00000071
start                             00000000
str_version                       0000009B


MEMORY USAGE MAP ('X' = Used,  '-' = Unused)

0000 : XXXXXXXXXXXXXXXX XXXXXXXXXXXXXXXX XXXXXXXXXXXXXXXX XXXXXXXXXXXXXXXX
0040 : XXXXXXXXXXXXXXXX XXXXXXXXXXXXXXXX XXXXXXXXXXXXXXXX XXXXXXXXXXXXXXXX
0080 : XXXXXXXXXXXXXXXX XXXXXXXXXXXXXXXX XXXXXXXXXXXXXXXX XXXXXXXXXXXXXXXX
00C0 : XXXXXXXXXXXXXXXX ---------------- ---------------- ----------------

All other memory blocks unused.

Program Memory Words Used:   208
Program Memory Words Free:    48


Errors   :     0
Warnings :     0 reported,     0 suppressed
Messages :     0 reported,     0 suppressed

